EN sec NULL "C:/Users/DoctorMckay/Desktop/PROYECTO DIGITAL/PROYECTODIGITAL/MAIN.vhd" sub00/vhpl00 1465921050
AR main behavioral "C:/Users/DoctorMckay/Desktop/PROYECTO DIGITAL/PROYECTODIGITAL/MAIN.vhd" sub00/vhpl03 1466135950
EN main NULL "C:/Users/DoctorMckay/Desktop/PROYECTO DIGITAL/PROYECTODIGITAL/MAIN.vhd" sub00/vhpl02 1466135949
AR sec behavioral "C:/Users/DoctorMckay/Desktop/PROYECTO DIGITAL/PROYECTODIGITAL/MAIN.vhd" sub00/vhpl01 1465921051
